  0000    154 frames  per-object rows    699
  0001    447 frames  per-object rows   2990
  0002    233 frames  per-object rows   1463
  0003    144 frames  per-object rows    368
  0004    314 frames  per-object rows   1011
  0005    297 frames  per-object rows   1471
  0006    270 frames  per-object rows    677
  0007    800 frames  per-object rows   2440
  0008    390 frames  per-object rows   1342
  0009    803 frames  per-object rows   3476
  0010    294 frames  per-object rows    615
  0011    373 frames  per-object rows   3771
  0012     78 frames  per-object rows    248
  0013    340 frames  per-object rows   1231
  0014    106 frames  per-object rows    642
  0015    376 frames  per-object rows   2183
  0016    209 frames  per-object rows   3125
  0017    145 frames  per-object rows    881
  0018    339 frames  per-object rows   1393
  0019   1059 frames  per-object rows   7737
  0020    837 frames  per-object rows   6391
wrote 21 sequences -> /home/yifu/mot-cmc/04_experiments/kitti_warps
