  0000    154 frames  objs    699  local scale med 1.0286 p95 1.0955  |shift| med  20.40 px
  0001    447 frames  objs   3006  local scale med 1.0414 p95 1.2154  |shift| med  27.54 px
  0002    233 frames  objs   1475  local scale med 1.0039 p95 1.0373  |shift| med   2.56 px
  0003    144 frames  objs    387  local scale med 1.0433 p95 1.2255  |shift| med  27.01 px
  0004    314 frames  objs   1060  local scale med 1.0343 p95 1.1533  |shift| med  24.40 px
  0005    297 frames  objs   1475  local scale med 1.0322 p95 1.0842  |shift| med  19.98 px
  0006    270 frames  objs    761  local scale med 1.0000 p95 1.0117  |shift| med   0.07 px
  0007    800 frames  objs   2607  local scale med 1.0393 p95 1.2724  |shift| med  27.36 px
  0008    390 frames  objs   1363  local scale med 1.0327 p95 1.1268  |shift| med  20.38 px
  0009    803 frames  objs   3766  local scale med 1.0289 p95 1.1504  |shift| med  20.35 px
  0010    294 frames  objs    741  local scale med 1.0610 p95 1.1199  |shift| med  38.70 px
  0011    373 frames  objs   3787  local scale med 1.0190 p95 1.0861  |shift| med  12.14 px
  0012     78 frames  objs    248  local scale med 1.0000 p95 1.0000  |shift| med   0.05 px
  0013    340 frames  objs   1284  local scale med 1.0426 p95 1.1401  |shift| med  28.33 px
  0014    106 frames  objs    642  local scale med 1.0157 p95 1.1013  |shift| med  19.31 px
  0015    376 frames  objs   2185  local scale med 1.0002 p95 1.0374  |shift| med   0.32 px
  0016    209 frames  objs   3125  local scale med 1.0000 p95 1.0001  |shift| med   0.07 px
  0017    145 frames  objs    881  local scale med 1.0000 p95 1.0001  |shift| med   0.15 px
  0018    339 frames  objs   1409  local scale med 1.0236 p95 1.1194  |shift| med  15.34 px
  0019   1059 frames  objs   7796  local scale med 1.0128 p95 1.0551  |shift| med   8.36 px
  0020    837 frames  objs   6391  local scale med 1.0293 p95 1.1267  |shift| med  18.41 px
wrote 21 sequences -> /home/yifu/mot-cmc/04_experiments/kitti_warps_dn005
