  0000    154 frames  objs    699  local scale med 1.0289 p95 1.1006  |shift| med  19.87 px
  0001    447 frames  objs   3006  local scale med 1.0416 p95 1.2247  |shift| med  27.58 px
  0002    233 frames  objs   1475  local scale med 1.0038 p95 1.0379  |shift| med   2.41 px
  0003    144 frames  objs    387  local scale med 1.0441 p95 1.2264  |shift| med  26.78 px
  0004    314 frames  objs   1060  local scale med 1.0352 p95 1.1648  |shift| med  25.55 px
  0005    297 frames  objs   1475  local scale med 1.0323 p95 1.0900  |shift| med  19.99 px
  0006    270 frames  objs    761  local scale med 1.0000 p95 1.0127  |shift| med   0.07 px
  0007    800 frames  objs   2607  local scale med 1.0398 p95 1.2812  |shift| med  27.85 px
  0008    390 frames  objs   1363  local scale med 1.0331 p95 1.1357  |shift| med  20.74 px
  0009    803 frames  objs   3766  local scale med 1.0291 p95 1.1525  |shift| med  20.89 px
  0010    294 frames  objs    741  local scale med 1.0554 p95 1.1245  |shift| med  35.65 px
  0011    373 frames  objs   3787  local scale med 1.0186 p95 1.0885  |shift| med  12.03 px
  0012     78 frames  objs    248  local scale med 1.0000 p95 1.0001  |shift| med   0.05 px
  0013    340 frames  objs   1284  local scale med 1.0434 p95 1.1491  |shift| med  28.33 px
  0014    106 frames  objs    642  local scale med 1.0158 p95 1.1080  |shift| med  18.96 px
  0015    376 frames  objs   2185  local scale med 1.0002 p95 1.0397  |shift| med   0.32 px
  0016    209 frames  objs   3125  local scale med 1.0000 p95 1.0001  |shift| med   0.07 px
  0017    145 frames  objs    881  local scale med 1.0000 p95 1.0001  |shift| med   0.15 px
  0018    339 frames  objs   1409  local scale med 1.0237 p95 1.1188  |shift| med  15.12 px
  0019   1059 frames  objs   7796  local scale med 1.0126 p95 1.0572  |shift| med   8.37 px
  0020    837 frames  objs   6391  local scale med 1.0290 p95 1.1313  |shift| med  18.19 px
wrote 21 sequences -> /home/yifu/mot-cmc/04_experiments/kitti_warps_dn020
