  0000    154 frames  objs    699  local scale med 1.0287 p95 1.1355  |shift| med  19.85 px
  0001    447 frames  objs   3006  local scale med 1.0422 p95 1.2650  |shift| med  28.51 px
  0002    233 frames  objs   1475  local scale med 1.0038 p95 1.0463  |shift| med   2.55 px
  0003    144 frames  objs    387  local scale med 1.0460 p95 1.2346  |shift| med  28.85 px
  0004    314 frames  objs   1060  local scale med 1.0371 p95 1.2056  |shift| med  27.15 px
  0005    297 frames  objs   1475  local scale med 1.0317 p95 1.1282  |shift| med  19.74 px
  0006    270 frames  objs    761  local scale med 1.0000 p95 1.0146  |shift| med   0.07 px
  0007    800 frames  objs   2607  local scale med 1.0407 p95 1.3308  |shift| med  28.67 px
  0008    390 frames  objs   1363  local scale med 1.0354 p95 1.1594  |shift| med  22.33 px
  0009    803 frames  objs   3766  local scale med 1.0300 p95 1.1851  |shift| med  21.63 px
  0010    294 frames  objs    741  local scale med 1.0523 p95 1.1949  |shift| med  33.62 px
  0011    373 frames  objs   3787  local scale med 1.0182 p95 1.1041  |shift| med  11.73 px
  0012     78 frames  objs    248  local scale med 1.0000 p95 1.0001  |shift| med   0.05 px
  0013    340 frames  objs   1284  local scale med 1.0459 p95 1.1817  |shift| med  29.80 px
  0014    106 frames  objs    642  local scale med 1.0163 p95 1.1239  |shift| med  19.42 px
  0015    376 frames  objs   2185  local scale med 1.0002 p95 1.0506  |shift| med   0.33 px
  0016    209 frames  objs   3125  local scale med 1.0000 p95 1.0001  |shift| med   0.07 px
  0017    145 frames  objs    881  local scale med 1.0000 p95 1.0001  |shift| med   0.15 px
  0018    339 frames  objs   1409  local scale med 1.0243 p95 1.1363  |shift| med  15.66 px
  0019   1059 frames  objs   7796  local scale med 1.0120 p95 1.0711  |shift| med   8.10 px
  0020    837 frames  objs   6391  local scale med 1.0282 p95 1.1623  |shift| med  17.91 px
wrote 21 sequences -> /home/yifu/mot-cmc/04_experiments/kitti_warps_dn050
