  0000    154 frames  objs    699  local scale med 1.0288 p95 1.1053  |shift| med  19.66 px
  0001    447 frames  objs   3006  local scale med 1.0422 p95 1.2334  |shift| med  28.09 px
  0002    233 frames  objs   1475  local scale med 1.0039 p95 1.0408  |shift| med   2.53 px
  0003    144 frames  objs    387  local scale med 1.0448 p95 1.2311  |shift| med  27.59 px
  0004    314 frames  objs   1060  local scale med 1.0359 p95 1.1730  |shift| med  26.34 px
  0005    297 frames  objs   1475  local scale med 1.0322 p95 1.1010  |shift| med  20.04 px
  0006    270 frames  objs    761  local scale med 1.0000 p95 1.0132  |shift| med   0.07 px
  0007    800 frames  objs   2607  local scale med 1.0401 p95 1.2953  |shift| med  28.19 px
  0008    390 frames  objs   1363  local scale med 1.0333 p95 1.1399  |shift| med  21.12 px
  0009    803 frames  objs   3766  local scale med 1.0295 p95 1.1612  |shift| med  21.22 px
  0010    294 frames  objs    741  local scale med 1.0554 p95 1.1374  |shift| med  35.12 px
  0011    373 frames  objs   3787  local scale med 1.0184 p95 1.0921  |shift| med  11.93 px
  0012     78 frames  objs    248  local scale med 1.0000 p95 1.0001  |shift| med   0.05 px
  0013    340 frames  objs   1284  local scale med 1.0447 p95 1.1545  |shift| med  28.87 px
  0014    106 frames  objs    642  local scale med 1.0158 p95 1.1116  |shift| med  18.96 px
  0015    376 frames  objs   2185  local scale med 1.0002 p95 1.0428  |shift| med   0.32 px
  0016    209 frames  objs   3125  local scale med 1.0000 p95 1.0001  |shift| med   0.07 px
  0017    145 frames  objs    881  local scale med 1.0000 p95 1.0001  |shift| med   0.15 px
  0018    339 frames  objs   1409  local scale med 1.0235 p95 1.1244  |shift| med  15.10 px
  0019   1059 frames  objs   7796  local scale med 1.0124 p95 1.0602  |shift| med   8.30 px
  0020    837 frames  objs   6391  local scale med 1.0288 p95 1.1388  |shift| med  18.09 px
wrote 21 sequences -> /home/yifu/mot-cmc/04_experiments/kitti_warps_dn030
